// Jest Snapshot v1, https://goo.gl/fbAQLP

exports[`Navbar tests 1`] = `
<div
  className="nav"
  id="navbar"
>
  <div
    className="nav-header"
  >
    <div
      className="nav-title"
    >
      StackOverFlow-Lite
    </div>
  </div>
  <div
    className="nav-btn"
  >
    <label
      htmlFor="nav-check"
    >
      <span />
      <span />
      <span />
    </label>
  </div>
  <input
    id="nav-check"
    type="checkbox"
  />
  <div
    className="nav-links"
  >
    <NavLink
      activeClassName="active"
      aria-current="page"
      id="homeLink"
      to="/"
    >
      Home
    </NavLink>
    <NavLink
      activeClassName="active"
      aria-current="page"
      id="askLink"
      to="/ask"
    >
      AskQuestion
    </NavLink>
    <NavLink
      activeClassName="active"
      aria-current="page"
      id="profileLink"
      to="/profile"
    >
      My Profile
    </NavLink>
    <div
      className="search-bar"
    >
      <input
        id="searchBox"
        type="search"
      />
       
      <button
        id="searchButton"
        type="button"
      >
        Search
      </button>
    </div>
    <NavLink
      activeClassName="active"
      aria-current="page"
      id="signupLink"
      to="/signup"
    >
      signup
    </NavLink>
    <NavLink
      activeClassName="active"
      aria-current="page"
      id="loginLink"
      to="/login"
    >
      login
    </NavLink>
    <NavLink
      activeClassName="active"
      aria-current="page"
      id="logoutLink"
      to="/logout"
    >
      Logout
    </NavLink>
  </div>
</div>
`;
